// Jest Snapshot v1, https://goo.gl/fbAQLP

exports[`TaskContainerComponent DOM should render tasks$ 1`] = `
<div
  id="root3"
>
  <div
    class="task-list-container"
  >
    <div
      class="task"
    >
      <app-task-presenter>
        <p>
          {
  "id": 1,
  "name": "test1",
  "buttonText": "pause",
  "timer": {}
}
        </p>
      </app-task-presenter>
      <app-task-presenter>
        <p>
          {
  "id": 2,
  "name": "test2",
  "buttonText": "pause",
  "timer": {}
}
        </p>
      </app-task-presenter>
      <app-task-presenter>
        <p>
          {
  "id": 3,
  "name": "test3",
  "buttonText": "pause",
  "timer": {}
}
        </p>
      </app-task-presenter>
      
    </div>
    
    
    <h2>
      Total: 00:01
    </h2>
  </div>
</div>
`;

exports[`TaskContainerComponent DOM should render totalTime$ 1`] = `
<div
  id="root2"
>
  <div
    class="task-list-container"
  >
    <div
      class="task"
    >
      
    </div>
    
    
    <h2>
      Total: 00:35
    </h2>
  </div>
</div>
`;
