// Jest Snapshot v1, https://goo.gl/fbAQLP

exports[`TaskPresenterComponent should render task 1`] = `
<div
  id="root1"
>
  <div
    class="task-details"
  >
    <div
      class="input-name"
    >
      some name
    </div>
    <span>
      10
    </span>
    <button>
      pause
    </button>
  </div>
</div>
`;
